// Jest Snapshot v1, https://goo.gl/fbAQLP

exports[`CounterButton.vue соответствует снэпшоту 1`] = `"<div><button class="btn btn-primary">Click +1</button> <span class="ms-2">0</span></div>"`;
